<html>
<body>
<pre>
<h1>µVision Build Log</h1>
<h2>Tool Versions:</h2>
IDE-Version: µVision V5.31.0.0
Copyright (C) 2020 ARM Ltd and ARM Germany GmbH. All rights reserved.
License Information: Samarth Viswanath Pmd Solutions Flex license: MDK Essential 5.31 (Flex): 1 user(s) (mdk_essential) Operation stops: 31 Jul 2021
 
Tool Versions:
Toolchain:       MDK Essential 5.31 (Flex): 1 user(s)  Version: 5.31.0.0
Toolchain Path:  C:\Keil_v5\ARM\ARMCLANG\Bin
C Compiler:      ArmClang.exe V6.14
Assembler:       Armasm.exe V6.14
Linker/Locator:  ArmLink.exe V6.14
Library Manager: ArmAr.exe V6.14
Hex Converter:   FromElf.exe V6.14
CPU DLL:         
Dialog DLL:      DCM.DLL V1.17.3.0
Target DLL:      CMSIS_AGDI.dll V1.32.6.0
Dialog DLL:      TCM.DLL V1.46.0.0
 
<h2>Project:</h2>
C:\Samarth-Github-Local\Mbed-Programs\BLE_PeriodicAdvertising\BLE_PeriodicAdvertising.uvprojx
Project File Date:  08/13/2020

<h2>Output:</h2>
*** Using Compiler 'V6.14', folder: 'C:\Keil_v5\ARM\ARMCLANG\Bin'
Build target 'BLE_PeriodicAdvertising'
compiling sch_tm.c...
compiling sch_rm.c...
compiling sdk_mapped_flags.c...
compiling sec_aes.c...
compiling sec_aes_rev.c...
compiling sec_ccm_hci.c...
compiling sec_cmac_hci.c...
compiling sec_ecc_debug.c...
compiling sec_ecc_hci.c...
compiling sec_main.c...
compiling sec_prot_certs.c...
compiling sec_prot_lib.c...
compiling SecureStore.cpp...
compiling sec_prot_keys.c...
compiling security_lib.c...
compiling serial_api.c...
compiling serial_mac_api.c...
compiling Semaphore.cpp...
compiling SerialWireOutput.cpp...
compiling SerialBase.cpp...
compiling sha1.c...
compiling sha256.c...
compiling SFDP.cpp...
compiling sha512.c...
compiling shared_rng.cpp...
compiling shalib.c...
compiling SlicingBlockDevice.cpp...
compiling sleep.c...
compiling SimpleMessageParser.cpp...
compiling smp_act.c...
compiling smp_db.c...
compiling smp_main.c...
compiling smp_non.c...
compiling smp_sc_act.c...
compiling smp_sc_main.c...
compiling smpi_act.c...
compiling smpi_sc_act.c...
compiling smpi_sm.c...
compiling smpi_sc_sm.c...
compiling smpr_sc_sm.c...
compiling smpr_sc_act.c...
compiling smpr_act.c...
compiling sn_coap_header_check.c...
compiling smpr_sm.c...
compiling sn_coap_builder.c...
compiling sn_coap_parser.c...
compiling sn_coap_protocol.c...
compiling sockbuf.c...
compiling socket_api.c...
compiling SocketAddress.cpp...
compiling SocketStats.cpp...
compiling spi_api.c...
compiling SPI.cpp...
compiling ssl_cache.c...
compiling SPISlave.cpp...
compiling ssl_ciphersuites.c...
compiling ssl_cookie.c...
compiling ssl_cli.c...
compiling ssl_msg.c...
compiling ssl_ticket.c...
compiling ssl_srv.c...
assembling startup_nrf52832.S...
compiling stoip4.c...
compiling ssl_tls.c...
compiling static_pinmap.cpp...
compiling stoip6.c...
compiling supp_eap_tls_sec_prot.c...
compiling supp_fwh_sec_prot.c...
compiling supp_gkh_sec_prot.c...
compiling sw_mac.c...
compiling Stream.cpp...
compiling system_nrf52.c...
compiling system_timer.c...
compiling SystemStorage.cpp...
compiling TaskBase.cpp...
compiling SysTimer.cpp...
compiling tcp.c...
compiling TCPSocket.cpp...
compiling TDBStore.cpp...
compiling TELIT_HE910.cpp...
compiling TELIT_ME310.cpp...
compiling TELIT_ME310_CellularContext.cpp...
compiling TELIT_ME310_CellularNetwork.cpp...
compiling TELIT_ME910.cpp...
compiling TELIT_ME310_CellularStack.cpp...
compiling TELIT_ME910_CellularContext.cpp...
compiling terminal.c...
compiling Text.cpp...
compiling TELIT_ME910_CellularNetwork.cpp...
compiling ThisThread.cpp...
compiling thread_bbr_api.c...
compiling Thread.cpp...
compiling thread_beacon.c...
compiling thread_bbr_commercial.c...
compiling thread_border_router_api.c...
compiling thread_ccm.c...
compiling thread_bootstrap.c...
compiling thread_commissioning_if.c...
compiling thread_commissioning_api.c...
compiling thread_dhcpv6_server.c...
compiling thread_diagnostic.c...
compiling thread_common.c...
compiling thread_discovery.c...
compiling thread_host_bootstrap.c...
compiling thread_leader_service.c...
compiling thread_lowpower_api.c...
compiling thread_joiner_application.c...
compiling thread_lowpower_private_api.c...
compiling thread_management_api.c...
compiling thread_management_client.c...
compiling thread_management_if.c...
compiling thread_mdns.c...
compiling thread_management_server.c...
compiling thread_meshcop_lib.c...
compiling thread_mle_message_handler.c...
compiling thread_nd.c...
compiling thread_neighbor_class.c...
compiling thread_net_config_api.c...
compiling thread_network_data_lib.c...
compiling thread_network_synch.c...
compiling thread_network_data_storage.c...
compiling thread_resolution_client.c...
compiling thread_nvm_store.c...
compiling thread_resolution_server.c...
compiling thread_routing.c...
compiling thread_router_bootstrap.c...
compiling thread_tasklet.c...
compiling threading.c...
compiling thread_test_api.c...
compiling Ticker.cpp...
compiling ThreadInterface.cpp...
compiling Timeout.cpp...
compiling TimerEvent.cpp...
compiling Timer.cpp...
compiling timing.c...
compiling tls_ccm_crypt.c...
compiling tls_lib.c...
compiling tls_sec_prot.c...
compiling tls_sec_prot_lib.c...
compiling transceiver.c...
compiling trickle.c...
compiling TLSSocket.cpp...
compiling trng_api.c...
compiling TLSSocketWrapper.cpp...
compiling type4_target.c...
compiling UBLOX_AT.cpp...
compiling Type4RemoteInitiator.cpp...
compiling UBLOX_AT_CellularContext.cpp...
compiling UBLOX_AT_CellularStack.cpp...
compiling UBLOX_AT_CellularNetwork.cpp...
compiling UBLOX_N2XX.cpp...
compiling UBLOX_N2XX_CellularSMS.cpp...
compiling UBLOX_N2XX_CellularNetwork.cpp...
compiling UBLOX_N2XX_CellularContext.cpp...
compiling udp.c...
compiling UBLOX_PPP.cpp...
compiling UBLOX_N2XX_CellularStack.cpp...
compiling UDPSocket.cpp...
compiling uECC_ll.c...
compiling uECC.c...
compiling unity.c...
compiling upap.c...
compiling UnbufferedSerial.cpp...
compiling unity_handler.cpp...
compiling URI.cpp...
compiling us_ticker.c...
compiling USBAudio.cpp...
compiling USBCDC.cpp...
compiling USBCDC_ECM.cpp...
compiling USBDevice.cpp...
compiling USBHID.cpp...
compiling USBKeyboard.cpp...
compiling USBMouse.cpp...
compiling USBMIDI.cpp...
compiling USBMouseKeyboard.cpp...
compiling USBMSD.cpp...
compiling USBSerial.cpp...
compiling utest_case.cpp...
compiling utest_default_handlers.cpp...
compiling utest_greentea_handlers.cpp...
compiling utest_print.cpp...
compiling utest_stack_trace.cpp...
compiling utest_harness.cpp...
compiling utest_shim.cpp...
compiling util.cpp...
compiling utils.c...
compiling utest_types.cpp...
compiling version.c...
compiling version_features.c...
compiling virtual_rf_client.c...
compiling virtual_rf_driver.c...
compiling vj.c...
compiling Watchdog.cpp...
compiling whiteboard.c...
compiling WiFiAccessPoint.cpp...
compiling watchdog_api.c...
compiling wisun_tasklet.c...
compiling ws_bbr_api.c...
compiling WisunBorderRouter.cpp...
compiling WisunInterface.cpp...
compiling ws_cfg_settings.c...
compiling ws_common.c...
compiling ws_bootstrap.c...
compiling ws_eapol_auth_relay.c...
compiling ws_eapol_pdu.c...
compiling ws_eapol_relay.c...
compiling ws_eapol_relay_lib.c...
compiling ws_empty_functions.c...
compiling ws_ie_lib.c...
compiling ws_management_api.c...
compiling ws_llc_data_service.c...
compiling ws_mpx_header.c...
compiling ws_neighbor_class.c...
compiling ws_pae_auth.c...
compiling ws_pae_controller.c...
compiling ws_pae_key_storage.c...
compiling ws_pae_lib.c...
compiling ws_pae_nvm_data.c...
compiling ws_pae_nvm_store.c...
compiling ws_pae_time.c...
compiling ws_pae_supp.c...
compiling ws_pae_timers.c...
compiling ws_stats.c...
compiling ws_test_api.c...
compiling wsf_assert.c...
compiling wsf_buf.c...
compiling wsf_bufio.c...
compiling wsf_cs.c...
compiling wsf_detoken.c...
compiling wsf_efs.c...
compiling wsf_heap.c...
compiling wsf_mbed_os_adaptation.c...
compiling wsf_msg.c...
compiling wsf_os.c...
compiling wsf_queue.c...
compiling wsf_timer.c...
compiling wsf_trace.c...
compiling wstr.c...
compiling x509_create.c...
compiling x509.c...
compiling x509_crl.c...
compiling x509_csr.c...
compiling x509write_crt.c...
compiling x509_crt.c...
compiling x509write_csr.c...
compiling xtea.c...
compiling main.cpp...
linking...
.\BUILD\BLE_PeriodicAdvertising.axf: Warning: L3912W: Option 'legacyalign' is deprecated.
.\BUILD\BLE_PeriodicAdvertising.axf: Warning: L6439W: Multiply defined Global Symbol ble::interface::SecurityManager<ble::generic::GenericSecurityManager<ble::pal::vendor::cordio::CordioSecurityManager, ble::vendor::cordio::SigningEventMonitor>>::EventHandler::~EventHandler__deallocating() defined in .text._ZN3ble9interface15SecurityManagerINS_7generic22GenericSecurityManagerINS_3pal6vendor6cordio21CordioSecurityManagerENS_6vendor6cordio19SigningEventMonitorEEEE12EventHandlerD0Ev(.\build\cordioimplementations.o) rejected in favor of Symbol defined in .text._ZN3ble9interface15SecurityManagerINS_7generic22GenericSecurityManagerINS_3pal6vendor6cordio21CordioSecurityManagerENS_6vendor6cordio19SigningEventMonitorEEEE12EventHandlerD0Ev(.\build\cordioble.o).
.\BUILD\BLE_PeriodicAdvertising.axf: Warning: L6439W: Multiply defined Global Symbol ble::generic::GenericSecurityManager<ble::pal::vendor::cordio::CordioSecurityManager, ble::vendor::cordio::SigningEventMonitor>::GenericSecurityManager__sub_object(ble::pal::SecurityManager<ble::pal::vendor::cordio::CordioSecurityManager<ble::generic::GenericSecurityManager<ble::pal::vendor::cordio::CordioSecurityManager, ble::vendor::cordio::SigningEventMonitor>>, ble::generic::GenericSecurityManager<ble::pal::vendor::cordio::CordioSecurityManager, ble::vendor::cordio::SigningEventMonitor>>&, ble::pal::ConnectionEventMonitor<ble::generic::GenericSecurityManager<ble::pal::vendor::cordio::CordioSecurityManager, ble::vendor::cordio::SigningEventMonitor>>&, ble::vendor::cordio::SigningEventMonitor<ble::generic::GenericSecurityManager<ble::pal::vendor::cordio::CordioSecurityManager, ble::vendor::cordio::SigningEventMonitor>>&) defined in .text._ZN3ble7generic22GenericSecurityManagerINS_3pal6vendor6cordio21CordioSecurityMana...
.\BUILD\BLE_PeriodicAdvertising.axf: Warning: L6439W: Multiply defined Global Symbol ble::interface::SecurityManager<ble::generic::GenericSecurityManager<ble::pal::vendor::cordio::CordioSecurityManager, ble::vendor::cordio::SigningEventMonitor>>::EventHandler::EventHandler__sub_object() defined in .text._ZN3ble9interface15SecurityManagerINS_7generic22GenericSecurityManagerINS_3pal6vendor6cordio21CordioSecurityManagerENS_6vendor6cordio19SigningEventMonitorEEEE12EventHandlerC2Ev(.\build\cordioimplementations.o) rejected in favor of Symbol defined in .text._ZN3ble9interface15SecurityManagerINS_7generic22GenericSecurityManagerINS_3pal6vendor6cordio21CordioSecurityManagerENS_6vendor6cordio19SigningEventMonitorEEEE12EventHandlerC2Ev(.\build\cordioble.o).
.\BUILD\BLE_PeriodicAdvertising.axf: Warning: L6439W: Multiply defined Global Symbol ble::pal::vendor::cordio::CordioGattClient<ble::generic::GenericGattClient<ble::pal::vendor::cordio::CordioGattClient, ble::generic::GenericSecurityManager<ble::pal::vendor::cordio::CordioSecurityManager, ble::vendor::cordio::SigningEventMonitor>>>::CordioGattClient__sub_object(ble::pal::vendor::cordio::CordioAttClient&) defined in .text._ZN3ble3pal6vendor6cordio16CordioGattClientINS_7generic17GenericGattClientIS3_NS4_22GenericSecurityManagerINS2_21CordioSecurityManagerENS_6vendor6cordio19SigningEventMonitorEEEEEEC2ERNS2_15CordioAttClientE(.\build\cordioimplementations.o) rejected in favor of Symbol defined in .text._ZN3ble3pal6vendor6cordio16CordioGattClientINS_7generic17GenericGattClientIS3_NS4_22GenericSecurityManagerINS2_21CordioSecurityManagerENS_6vendor6cordio19SigningEventMonitorEEEEEEC2ERNS2_15CordioAttClientE(.\build\cordioble.o).
.\BUILD\BLE_PeriodicAdvertising.axf: Warning: L6439W: Multiply defined Global Symbol ble::interface::SecurityManager<ble::generic::GenericSecurityManager<ble::pal::vendor::cordio::CordioSecurityManager, ble::vendor::cordio::SigningEventMonitor>>::SecurityManager__sub_object() defined in .text._ZN3ble9interface15SecurityManagerINS_7generic22GenericSecurityManagerINS_3pal6vendor6cordio21CordioSecurityManagerENS_6vendor6cordio19SigningEventMonitorEEEEC2Ev(.\build\cordioimplementations.o) rejected in favor of Symbol defined in .text._ZN3ble9interface15SecurityManagerINS_7generic22GenericSecurityManagerINS_3pal6vendor6cordio21CordioSecurityManagerENS_6vendor6cordio19SigningEventMonitorEEEEC2Ev(.\build\cordioble.o).
.\BUILD\BLE_PeriodicAdvertising.axf: Warning: L6439W: Multiply defined Global Symbol ble::interface::Gap<ble::generic::GenericGap<ble::pal::vendor::cordio::Gap, ble::pal::SecurityManager<ble::pal::vendor::cordio::CordioSecurityManager<ble::generic::GenericSecurityManager<ble::pal::vendor::cordio::CordioSecurityManager, ble::vendor::cordio::SigningEventMonitor>>, ble::generic::GenericSecurityManager<ble::pal::vendor::cordio::CordioSecurityManager, ble::vendor::cordio::SigningEventMonitor>>, ble::generic::GenericSecurityManager<ble::pal::vendor::cordio::CordioSecurityManager, ble::vendor::cordio::SigningEventMonitor>>>::EventHandler::~EventHandler__sub_object() defined in .text._ZN3ble9interface3GapINS_7generic10GenericGapINS_3pal6vendor6cordio3GapENS4_15SecurityManagerINS6_21CordioSecurityManagerINS2_22GenericSecurityManagerIS9_NS_6vendor6cordio19SigningEventMonitorEEEEESE_EESE_EEE12EventHandlerD2Ev(.\build\main.o) rejected in favor of Symbol defined in .text._ZN3ble9interface3GapINS_7generic10GenericGap...
.\BUILD\BLE_PeriodicAdvertising.axf: Warning: L6439W: Multiply defined Global Symbol ble::interface::SecurityManager<ble::generic::GenericSecurityManager<ble::pal::vendor::cordio::CordioSecurityManager, ble::vendor::cordio::SigningEventMonitor>>::EventHandler::~EventHandler__sub_object() defined in .text._ZN3ble9interface15SecurityManagerINS_7generic22GenericSecurityManagerINS_3pal6vendor6cordio21CordioSecurityManagerENS_6vendor6cordio19SigningEventMonitorEEEE12EventHandlerD2Ev(.\build\cordioimplementations.o) rejected in favor of Symbol defined in .text._ZN3ble9interface15SecurityManagerINS_7generic22GenericSecurityManagerINS_3pal6vendor6cordio21CordioSecurityManagerENS_6vendor6cordio19SigningEventMonitorEEEE12EventHandlerD2Ev(.\build\cordioble.o).
Program Size: Code=280676 RO-data=12552 RW-data=620 ZI-data=32704  
Finished: 0 information, 8 warning and 0 error messages.
FromELF: creating hex file...
".\BUILD\BLE_PeriodicAdvertising.axf" - 0 Error(s), 8 Warning(s).

<h2>Software Packages used:</h2>

Package Vendor: NordicSemiconductor
                http://developer.nordicsemi.com/nRF5_SDK/pieces/nRF_DeviceFamilyPack/NordicSemiconductor.nRF_DeviceFamilyPack.8.32.1.pack
                NordicSemiconductor.nRF_DeviceFamilyPack.8.32.1
                Nordic Semiconductor nRF ARM devices Device Family Pack with BSD license.

<h2>Collection of Component include folders:</h2>
  C:\Users\myles.murray\AppData\Local\Arm\Packs\NordicSemiconductor\nRF_DeviceFamilyPack\8.32.1\Device\Include

<h2>Collection of Component Files used:</h2>
Build Time Elapsed:  00:02:33
</pre>
</body>
</html>
