<html>
<body>
<pre>
<h1>µVision Build Log</h1>
<h2>Tool Versions:</h2>
IDE-Version: µVision V5.31.0.0
Copyright (C) 2020 ARM Ltd and ARM Germany GmbH. All rights reserved.
License Information: Samarth Viswanath Pmd Solutions Flex license: MDK Essential 5.31 (Flex): 1 user(s) (mdk_essential) Operation stops: 31 Jul 2021
 
Tool Versions:
Toolchain:       MDK Essential 5.31 (Flex): 1 user(s)  Version: 5.31.0.0
Toolchain Path:  C:\Keil_v5\ARM\ARMCLANG\Bin
C Compiler:      ArmClang.exe V6.14
Assembler:       Armasm.exe V6.14
Linker/Locator:  ArmLink.exe V6.14
Library Manager: ArmAr.exe V6.14
Hex Converter:   FromElf.exe V6.14
CPU DLL:         
Dialog DLL:      DCM.DLL V1.17.3.0
Target DLL:      CMSIS_AGDI.dll V1.32.6.0
Dialog DLL:      TCM.DLL V1.46.0.0
 
<h2>Project:</h2>
C:\Samarth-Github-Local\Mbed-Programs\BLE_Beacon\BLE_Beacon.uvprojx
Project File Date:  08/13/2020

<h2>Output:</h2>
*** Using Compiler 'V6.14', folder: 'C:\Keil_v5\ARM\ARMCLANG\Bin'
Build target 'BLE_Beacon'
compiling 6lowpan_iphc.c...
compiling ac_buffer_builder.c...
compiling ac_buffer.c...
compiling ac_stream.c...
compiling ac_buffer_reader.c...
compiling adaptation_interface.c...
compiling aes.c...
compiling AdvertisingParameters.cpp...
compiling aes_mbedtls_adapter.c...
compiling AdvertisingDataBuilder.cpp...
compiling aesni.c...
compiling ALT1250_PPP.cpp...
compiling ALT1250_PPP_CellularNetwork.cpp...
compiling ALT1250_PPP_CellularContext.cpp...
compiling analogin_api.c...
compiling AnalogOut.cpp...
compiling APN_db.cpp...
compiling app_error.c...
compiling app_error_handler_gcc.c...
compiling AnalogIn.cpp...
compiling app_error_handler_iar.c...
compiling app_error_handler_keil.c...
compiling app_error_weak.c...
compiling arc4.c...
compiling app_util_platform.c...
compiling aria.c...
compiling arm_hal_interrupt.c...
compiling arm_hal_random.c...
compiling asn1parse.c...
compiling asn1write.c...
compiling arm_hal_fhss_timer.cpp...
compiling arm_hal_timer.cpp...
compiling AsyncOp.cpp...
compiling at24mac.cpp...
compiling at24mac_s2lp.cpp...
compiling AT_CellularContext.cpp...
compiling AT_CellularInformation.cpp...
compiling AT_CellularDevice.cpp...
compiling AT_CellularSMS.cpp...
compiling AT_CellularNetwork.cpp...
compiling AT_CellularStack.cpp...
compiling AT_ControlPlane_netif.cpp...
compiling att_eatt.c...
compiling att_main.c...
compiling ATCmdParser.cpp...
compiling att_uuid.c...
compiling attc_disc.c...
compiling attc_eatt.c...
compiling attc_main.c...
compiling attc_proc.c...
compiling attc_read.c...
compiling attc_sign.c...
compiling attc_write.c...
compiling ATHandler.cpp...
compiling atts_ccc.c...
compiling atts_dyn.c...
compiling atts_csf.c...
compiling atts_eatt.c...
compiling atts_ind.c...
compiling atts_main.c...
compiling atts_proc.c...
compiling atts_read.c...
compiling atts_sign.c...
compiling atts_write.c...
compiling auth.c...
compiling auth_fwh_sec_prot.c...
compiling auth_eap_tls_sec_prot.c...
compiling auth_gkh_sec_prot.c...
compiling bb_ble_adv_master_ae.c...
compiling base64.c...
compiling bb_ble_adv_master.c...
compiling bb_ble_bis_master.c...
compiling bb_ble_adv_slave.c...
compiling bb_ble_adv_slave_ae.c...
compiling bb_ble_bis_slave.c...
compiling bb_ble_cis.c...
compiling bb_ble_cis_master.c...
compiling bb_ble_cis_slave.c...
compiling bb_ble_conn.c...
compiling bb_ble_conn_master.c...
compiling bb_ble_conn_slave.c...
compiling bb_ble_dtm.c...
compiling bb_ble_main.c...
compiling bb_ble_pdufilt.c...
compiling bb_ble_periodiclist.c...
compiling bb_ble_reslist.c...
compiling bb_ble_whitelist.c...
compiling bb_ble_sniffer.c...
compiling bb_main.c...
compiling bda.c...
compiling beacon_handler.c...
compiling blacklist.c...
compiling bignum.c...
compiling ble_flash.c...
compiling blowfish.c...
compiling boards.c...
compiling BLE.cpp...
compiling bstream.c...
compiling BLEInstanceBase.cpp...
compiling border_router.c...
compiling buffer_dyn.c...
compiling BufferedBlockDevice.cpp...
compiling BusIn.cpp...
compiling BufferedSerial.cpp...
compiling ByteBuffer.cpp...
compiling BusOut.cpp...
compiling BusInOut.cpp...
compiling calc128.c...
compiling camellia.c...
compiling ccm.c...
compiling CAN.cpp...
compiling ccm_security.c...
compiling ccp.c...
compiling CallbackHandler.cpp...
compiling CellularLog.cpp...
compiling CellularContext.cpp...
compiling CellularDevice.cpp...
compiling CellularUtil.cpp...
compiling certs.c...
compiling CellularNonIPSocket.cpp...
compiling cfg_stack.c...
compiling chacha20.c...
compiling chachapoly.c...
compiling channel_functions.c...
compiling CellularStateMachine.cpp...
compiling chap-md5.c...
compiling channel_list.c...
compiling chap-new.c...
compiling chap_ms.c...
compiling chci_tr.c...
compiling ChainingBlockDevice.cpp...
compiling cipher.c...
compiling cipher_wrap.c...
compiling cmsis_nvic.c...
compiling cipv6_fragmenter.c...
compiling cmac.c...
compiling cmsis_os1.c...
compiling coap_message_handler.c...
compiling coap_connection_handler.c...
compiling coap_security_handler.c...
compiling common_functions.c...
compiling coap_service_api.c...
compiling common_rtc.c...
compiling ConditionVariable.cpp...
compiling ConnectionParameters.cpp...
compiling CordioBLE.cpp...
compiling CordioGattServer.cpp...
compiling CordioHCIDriver.cpp...
compiling CordioHCITransportDriver.cpp...
compiling crc32.c...
compiling critical_section_api.c...
compiling CriticalSectionLock.cpp...
compiling CordioPalAttClient.cpp...
compiling ctr_drbg.c...
compiling CThunkBase.cpp...
compiling debug.c...
compiling custom_chci_tr.cpp...
compiling DeepSleepLock.cpp...
compiling des.c...
compiling demand.c...
compiling CordioImplementations.cpp...
compiling DeviceKey.cpp...
compiling dhcp_service_api.c...
compiling DHCPv6_Server_service.c...
compiling dhcpv6_client_service.c...
compiling dhm.c...
compiling DigitalIn.cpp...
compiling DigitalInOut.cpp...
compiling DigitalOut.cpp...
compiling DiscoveredCharacteristic.cpp...
compiling Dir.cpp...
compiling dm_adv.c...
compiling DirectAccessDevicekey.cpp...
compiling dm_adv_ae.c...
compiling dm_adv_leg.c...
compiling dm_bis_master.c...
compiling dm_bis_slave.c...
compiling dm_cis.c...
compiling dm_cis_slave.c...
compiling dm_cis_master.c...
compiling dm_cis_sm.c...
compiling dm_conn.c...
compiling dm_conn_master.c...
compiling dm_conn_cte.c...
compiling dm_conn_master_ae.c...
compiling dm_conn_master_leg.c...
compiling dm_conn_slave.c...
compiling dm_conn_slave_ae.c...
compiling dm_conn_slave_leg.c...
compiling dm_conn_sm.c...
compiling dm_dev_priv.c...
compiling dm_dev.c...
compiling dm_iso.c...
compiling dm_main.c...
compiling dm_past.c...
compiling dm_phy.c...
compiling dm_scan.c...
compiling dm_scan_ae.c...
compiling dm_priv.c...
compiling dm_scan_leg.c...
compiling dm_sec_lesc.c...
compiling dm_sec.c...
compiling dm_sec_slave.c...
compiling dm_sec_master.c...
compiling dm_sync_ae.c...
compiling eap.c...
compiling eap_protocol.c...
compiling eap_tls_sec_prot_lib.c...
compiling DTLSSocket.cpp...
compiling eapol_helper.c...
compiling DTLSSocketWrapper.cpp...
compiling ecjpake.c...
compiling ecdh.c...
compiling ecdsa.c...
compiling ecp_curves.c...
compiling EndpointResolver.cpp...
compiling ecp.c...
compiling entropy_poll.c...
compiling entropy.c...
compiling equeue.c...
compiling equeue_posix.c...
compiling EMACInterface.cpp...
compiling error.c...
compiling equeue_mbed.cpp...
compiling ethernet_mac_api.c...
compiling ethernet_tasklet.c...
compiling ESP8266.cpp...
compiling etx.c...
compiling ESP8266Interface.cpp...
compiling eui64.c...
compiling event.c...
compiling EthernetInterface.cpp...
assembling except.S...
compiling EventQueue.cpp...
compiling EventFlags.cpp...
compiling ExhaustibleBlockDevice.cpp...
compiling fcs.c...
compiling fds.c...
compiling ff.cpp...
compiling ffunicode.cpp...
compiling fhss_channel.c...
compiling FATFileSystem.cpp...
compiling fhss.c...
compiling fhss_common.c...
compiling fhss_statistics.c...
compiling fhss_configuration_interface.c...
compiling fhss_test_api.c...
compiling fhss_ws_empty_functions.c...
compiling fhss_ws.c...
compiling File.cpp...
compiling FileBase.cpp...
compiling FileHandle.cpp...
compiling FilePath.cpp...
compiling FileSecurityDb.cpp...
compiling FileSystem.cpp...
compiling flash_api.c...
compiling FileSystemHandle.cpp...
compiling FileSystemStore.cpp...
compiling FlashIAP.cpp...
compiling fnet_mdns.c...
compiling FlashSimBlockDevice.cpp...
compiling fnet_poll.c...
compiling fnv_hash.c...
compiling fnet_stdlib.c...
compiling fsm.c...
compiling gcm.c...
compiling GEMALTO_CINTERION.cpp...
compiling GEMALTO_CINTERION_CellularContext.cpp...
compiling GEMALTO_CINTERION_CellularInformation.cpp...
compiling gpio_api.c...
compiling greentea_metrics.cpp...
compiling GEMALTO_CINTERION_CellularStack.cpp...
compiling GENERIC_AT3GPP.cpp...
compiling greentea_test_env.cpp...
compiling havege.c...
compiling hash_wrappers.c...
compiling hci_cmd_ae.c...
compiling hci_cmd.c...
compiling hci_cmd_bis.c...
compiling hci_cmd_cis.c...
compiling hci_cmd_cte.c...
compiling hci_cmd_iso.c...
compiling hci_cmd_past.c...
compiling hci_cmd_phy.c...
compiling H4TransportDriver.cpp...
compiling hci_core.c...
compiling hci_core_ps.c...
compiling hci_main.c...
compiling hci_tr.c...
compiling hci_evt.c...
compiling hci_vs.c...
compiling hci_vs_ae.c...
compiling hkdf.c...
compiling hmac_drbg.c...
compiling hmac_sha1.c...
compiling HeapBlockDevice.cpp...
compiling i2c_api.c...
compiling I2CSlave.cpp...
compiling I2C.cpp...
compiling icmpv6_prefix.c...
compiling icmpv6_radv.c...
compiling icmpv6.c...
compiling ICMPSocket.cpp...
compiling init_ctr.c...
compiling init.c...
compiling ieee_802_11.c...
compiling InterruptIn.cpp...
compiling ip4tos.c...
compiling InternetDatagramSocket.cpp...
compiling InternetSocket.cpp...
compiling ip_fsc.c...
compiling ipcp.c...
compiling ip6tos.c...
compiling iphc_decompress.c...
compiling iphc_compress.c...
compiling ipv6.c...
compiling ipv6_flow.c...
compiling ipv6_fragmentation.c...
compiling ipv6_resolution.c...
compiling ipv6cp.c...
assembling irq_cm4f.S...
compiling ipv6_routing_table.c...
compiling iso7816_app.c...
compiling iso7816.c...
compiling itm_api.c...
compiling isqrt.c...
compiling isodep_target.c...
compiling kde_helper.c...
compiling key_sec_prot.c...
compiling kmp_addr.c...
compiling kmp_api.c...
compiling kmp_eapol_pdu_if.c...
compiling kmp_socket_if.c...
compiling Kernel.cpp...
compiling kv_config.cpp...
compiling KVMap.cpp...
compiling KVStoreSecurityDb.cpp...
compiling kvstore_global_api.cpp...
compiling l2c_master.c...
compiling l2c_main.c...
compiling l2c_coc.c...
compiling l2c_slave.c...
compiling lcp.c...
compiling lctr_act_adv_master.c...
compiling lctr_act_adv_master_ae.c...
compiling lctr_act_adv_slave.c...
compiling lctr_act_adv_slave_ae.c...
compiling lctr_act_bis_master.c...
compiling lctr_act_bis_slave.c...
compiling lctr_act_cis.c...
compiling L3IPInterface.cpp...
compiling lctr_act_cis_master.c...
compiling lctr_act_cis_slave.c...
compiling lctr_act_conn.c...
compiling lctr_act_conn_master.c...
compiling lctr_act_conn_master_ae.c...
compiling lctr_act_conn_past.c...
compiling lctr_act_enc.c...
compiling lctr_act_enc_master.c...
compiling lctr_act_init_master.c...
compiling lctr_act_init_master_ae.c...
compiling lctr_act_pc.c...
compiling lctr_act_phy.c...
compiling lctr_isr_adv_master.c...
compiling lctr_isr_adv_slave.c...
compiling lctr_isr_adv_master_ae.c...
compiling lctr_isr_adv_slave_ae.c...
compiling lctr_isr_bis_master.c...
compiling lctr_isr_cis.c...
compiling lctr_isr_bis_slave.c...
compiling lctr_isr_cis_master.c...
compiling lctr_isr_conn.c...
compiling lctr_isr_cis_slave.c...
compiling lctr_isr_conn_master.c...
compiling lctr_isr_init_master.c...
compiling lctr_isr_conn_slave.c...
compiling lctr_isr_init_master_ae.c...
compiling lctr_main.c...
compiling lctr_main_adv_master.c...
compiling lctr_main_adv_slave.c...
compiling lctr_main_adv_master_ae.c...
compiling lctr_main_adv_slave_ae.c...
compiling lctr_main_bis.c...
compiling lctr_main_bis_master.c...
compiling lctr_main_bis_slave.c...
compiling lctr_main_cis.c...
compiling lctr_main_cis_master.c...
compiling lctr_main_cis_slave.c...
compiling lctr_main_conn_cs2.c...
compiling lctr_main_conn.c...
compiling lctr_main_conn_data.c...
compiling lctr_main_conn_master.c...
compiling lctr_main_conn_slave.c...
compiling lctr_main_enc_master.c...
compiling lctr_main_enc_slave.c...
compiling lctr_main_init_master.c...
compiling lctr_main_init_master_ae.c...
compiling lctr_main_iso.c...
compiling lctr_main_master_phy.c...
compiling lctr_main_iso_data.c...
compiling lctr_main_past.c...
compiling lctr_main_pc.c...
compiling lctr_main_priv.c...
compiling lctr_main_sc.c...
compiling lctr_main_slave_phy.c...
compiling lctr_pdu_adv_master_ae.c...
compiling lctr_pdu_adv_slave.c...
compiling lctr_pdu_bis.c...
compiling lctr_pdu_adv_slave_ae.c...
compiling lctr_pdu_enc.c...
compiling lctr_pdu_conn.c...
compiling lctr_pdu_iso.c...
compiling lctr_sm_adv_master.c...
compiling lctr_sm_adv_slave.c...
compiling lctr_sm_adv_master_ae.c...
compiling lctr_sm_adv_slave_ae.c...
compiling lctr_sm_bis_master.c...
compiling lctr_sm_bis_slave.c...
compiling lctr_sm_cis.c...
compiling lctr_sm_conn_master.c...
compiling lctr_sm_conn_slave.c...
compiling lctr_sm_init_master.c...
compiling lctr_sm_init_master_ae.c...
compiling lctr_sm_llcp_cis.c...
compiling lctr_sm_llcp_cis_master.c...
compiling lctr_sm_llcp_cis_slave.c...
compiling lctr_sm_llcp_conn.c...
compiling lctr_sm_llcp_conn_master.c...
compiling lctr_sm_llcp_conn_slave.c...
compiling lctr_sm_llcp_enc_master.c...
compiling lctr_sm_llcp_enc_slave.c...
compiling lctr_sm_llcp_master_phy.c...
compiling lctr_sm_llcp_pc.c...
compiling lctr_sm_llcp_slave_phy.c...
compiling lfs2_util.c...
compiling lfs_util.c...
compiling lfs.c...
compiling lhci_cmd.c...
compiling lhci_cmd_adv_master.c...
compiling lfs2.c...
compiling lhci_cmd_adv_master_ae.c...
compiling lhci_cmd_adv_priv.c...
compiling lhci_cmd_adv_slave.c...
compiling lhci_cmd_adv_slave_ae.c...
compiling lhci_cmd_bis_master.c...
compiling lhci_cmd_bis_slave.c...
compiling lhci_cmd_cis_slave.c...
compiling lhci_cmd_cis_master.c...
compiling lhci_cmd_conn.c...
compiling lhci_cmd_conn_master_ae.c...
compiling lhci_cmd_conn_master.c...
compiling lhci_cmd_conn_priv.c...
compiling lhci_cmd_enc_master.c...
compiling lhci_cmd_enc_slave.c...
compiling lhci_cmd_iso.c...
compiling lhci_cmd_past.c...
compiling lhci_cmd_pc.c...
compiling lhci_cmd_phy.c...
compiling lhci_cmd_sc.c...
compiling lhci_cmd_vs.c...
compiling lhci_cmd_vs_adv_master.c...
compiling lhci_cmd_vs_adv_master_ae.c...
compiling lhci_cmd_vs_adv_slave.c...
compiling lhci_cmd_vs_adv_slave_ae.c...
compiling lhci_cmd_vs_conn.c...
compiling lhci_cmd_vs_conn_master.c...
compiling lhci_cmd_vs_enc_slave.c...
compiling lhci_cmd_vs_sc.c...
compiling lhci_cmd_vs_iso.c...
compiling lhci_evt.c...
compiling lhci_evt_adv_master.c...
compiling lhci_evt_adv_master_ae.c...
compiling lhci_evt_adv_slave.c...
compiling lhci_evt_adv_slave_ae.c...
compiling lhci_evt_bis_master.c...
compiling lhci_evt_bis_slave.c...
compiling lhci_evt_cis_slave.c...
compiling lhci_evt_cis_master.c...
compiling lhci_evt_conn.c...
compiling lhci_evt_conn_cs2.c...
compiling lhci_evt_conn_master.c...
compiling lhci_evt_conn_priv.c...
compiling lhci_evt_enc_master.c...
compiling lhci_evt_enc_slave.c...
compiling lhci_evt_iso.c...
compiling lhci_evt_pc.c...
compiling lhci_evt_phy.c...
compiling lhci_evt_sc.c...
compiling lhci_evt_vs.c...
compiling lhci_init.c...
compiling lhci_init_adv_master.c...
compiling lhci_init_adv_priv.c...
compiling lhci_init_adv_master_ae.c...
compiling lhci_init_adv_slave.c...
compiling lhci_init_adv_slave_ae.c...
compiling lhci_init_bis_master.c...
compiling lhci_init_bis_slave.c...
compiling lhci_init_cis_master.c...
compiling lhci_init_cis_slave.c...
compiling lhci_init_conn.c...
compiling lhci_init_conn_cs2.c...
compiling lhci_init_conn_master.c...
compiling lhci_init_conn_master_ae.c...
compiling lhci_init_conn_priv.c...
compiling lhci_init_enc_slave.c...
compiling lhci_init_enc_master.c...
compiling lhci_init_iso.c...
compiling lhci_init_pc.c...
compiling lhci_init_past.c...
compiling lhci_init_phy.c...
compiling lhci_init_sc.c...
compiling lhci_main.c...
compiling lhci_main_iso.c...
compiling LinkedListBase.cpp...
compiling libDHCPv6.c...
compiling libDHCPv6_server.c...
compiling ll_init.c...
compiling ll_init_adv_master.c...
compiling ll_init_adv_master_ae.c...
compiling ll_init_adv_slave.c...
compiling ll_init_adv_slave_ae.c...
compiling ll_init_bis_master.c...
compiling LittleFileSystem.cpp...
compiling ll_init_bis_slave.c...
compiling LittleFileSystem2.cpp...
compiling ll_init_cis_master.c...
compiling ll_init_conn_cs2.c...
compiling ll_init_cis_slave.c...
compiling ll_init_conn_master.c...
compiling ll_init_enc_master.c...
compiling ll_init_conn_slave.c...
compiling ll_init_enc_slave.c...
compiling ll_init_init_master.c...
compiling ll_init_init_master_ae.c...
compiling ll_init_iso.c...
compiling ll_init_master_phy.c...
compiling ll_init_past.c...
compiling ll_init_pc.c...
compiling ll_init_priv.c...
compiling ll_init_sc.c...
compiling ll_init_slave_phy.c...
compiling ll_main_adv_master.c...
compiling ll_main.c...
compiling ll_main_adv_master_ae.c...
compiling ll_main_adv_slave.c...
compiling ll_main_bis_master.c...
compiling ll_main_adv_slave_ae.c...
compiling ll_main_bis_slave.c...
compiling ll_main_cis_slave.c...
compiling ll_main_cis_master.c...
compiling ll_main_conn.c...
compiling ll_main_conn_master_ae.c...
compiling ll_main_conn_master.c...
compiling ll_main_conn_slave.c...
compiling ll_main_diag.c...
compiling ll_main_enc_master.c...
compiling ll_main_dtm.c...
compiling ll_main_enc_slave.c...
compiling ll_main_iso.c...
compiling ll_main_pc.c...
compiling ll_main_past.c...
compiling ll_main_phy.c...
compiling ll_main_priv.c...
compiling ll_main_sc.c...
compiling ll_math.c...
compiling lmgr_main.c...
compiling lmgr_events.c...
compiling lmgr_main_adv_master_ae.c...
compiling lmgr_main_adv_slave_ae.c...
compiling lmgr_main_cis_master.c...
compiling lmgr_main_conn.c...
compiling lmgr_main_iso.c...
compiling lmgr_main_master.c...
compiling lmgr_main_priv.c...
compiling lmgr_main_sc.c...
compiling lmgr_main_slave.c...
compiling load_balance.c...
compiling LocalFileSystem.cpp...
compiling LoRaMacChannelPlan.cpp...
compiling LoRaMac.cpp...
compiling LoRaMacCommand.cpp...
compiling LoRaMacCrypto.cpp...
compiling LoRaPHY.cpp...
compiling LoRaPHYAS923.cpp...
compiling LoRaPHYAU915.cpp...
compiling LoRaPHYCN470.cpp...
compiling LoRaPHYCN779.cpp...
compiling LoRaPHYEU433.cpp...
compiling LoRaPHYEU868.cpp...
compiling LoRaPHYIN865.cpp...
compiling LoRaPHYKR920.cpp...
compiling LoRaPHYUS915.cpp...
compiling LoRaWANInterface.cpp...
compiling lowpan_context.c...
compiling LoRaWANTimer.cpp...
compiling LoRaWANStack.cpp...
compiling lp_ticker.c...
compiling lwip_altcp.c...
compiling LoWPANNDInterface.cpp...
compiling LowPowerTickerWrapper.cpp...
compiling lwip_altcp_alloc.c...
compiling lwip_altcp_tcp.c...
compiling lwip_api_lib.c...
compiling lwip_autoip.c...
compiling lwip_api_msg.c...
compiling lwip_checksum.c...
compiling lwip_bridgeif.c...
compiling lwip_bridgeif_fdb.c...
compiling lwip_def.c...
compiling lwip_dhcp6.c...
compiling lwip_dns.c...
compiling lwip_dhcp.c...
compiling lwip_err.c...
compiling lwip_etharp.c...
compiling lwip_ethip6.c...
compiling lwip_ethernet.c...
compiling lwip_icmp.c...
compiling lwip_if_api.c...
compiling lwip_icmp6.c...
compiling lwip_inet6.c...
compiling lwip_igmp.c...
compiling lwip_inet_chksum.c...
compiling lwip_ip.c...
compiling lwip_init.c...
compiling lwip_ip4.c...
compiling lwip_ip4_addr.c...
compiling lwip_ip6.c...
compiling lwip_ip4_frag.c...
compiling lwip_ip6_addr.c...
compiling lwip_lowpan6.c...
compiling lwip_ip6_frag.c...
compiling lwip_lowpan6_common.c...
compiling lwip_lowpan6_ble.c...
compiling lwip_mem.c...
compiling lwip_memcpy.c...
compiling lwip_mld6.c...
compiling lwip_memp.c...
compiling lwip_nd6.c...
compiling lwip_netdb.c...
compiling lwip_netbuf.c...
compiling lwip_netif.c...
compiling lwip_netifapi.c...
compiling lwip_random.c...
compiling lwip_pbuf.c...
compiling lwip_raw.c...
compiling lwip_sockets.c...
compiling lwip_stats.c...
compiling lwip_sys.c...
compiling lwip_tcp.c...
compiling lwip_sys_arch.c...
compiling lwip_tcp_in.c...
compiling lwip_tcp_isn.c...
compiling lwip_tcpip.c...
compiling lwip_tcp_out.c...
compiling lwip_timeouts.c...
compiling lwip_udp.c...
compiling lwip_zepif.c...
compiling lwip_tools.cpp...
compiling LWIPInterface.cpp...
compiling LWIPInterfaceEMAC.cpp...
compiling LWIPInterfaceL3IP.cpp...
compiling LWIPInterfacePPP.cpp...
compiling LWIPMemoryManager.cpp...
compiling mac_cca_threshold.c...
compiling mac_data_poll.c...
compiling mac_fhss_callbacks.c...
compiling mac_filter.c...
compiling mac_header_helper_functions.c...
compiling LWIPStack.cpp...
compiling mac_ie_lib.c...
compiling mac_helper.c...
compiling mac_indirect_data.c...
compiling mac_neighbor_table.c...
compiling mac_mlme.c...
compiling mac_mcps_sap.c...
compiling mac_pairwise_key.c...
compiling mac_pd_sap.c...
compiling mac_response_handler.c...
compiling mac_security_mib.c...
compiling magic.c...
compiling mac_timer.c...
compiling mbed_application.c...
compiling mbed_assert.c...
compiling mbed-utest-shim.cpp...
compiling mbed_atomic_impl.c...
compiling mbed_alloc_wrappers.cpp...
compiling mbed_board.c...
compiling mbed_boot.c...
compiling mbed_boot_arm_std.c...
compiling mbed_critical.c...
compiling mbed_critical_section_api.c...
compiling mbed_compat.c...
compiling mbed_error_hist.c...
compiling mbed_error.c...
compiling mbed_fault_handler.c...
compiling mbed_flash_api.c...
compiling mbed_gpio.c...
compiling mbed_gpio_irq.c...
compiling mbed_itm_api.c...
compiling mbed_interface.c...
compiling mbed_lp_ticker_api.c...
compiling mbed_lp_ticker_wrapper.cpp...
compiling mbed_mktime.c...
compiling mbed_mpu_mgmt.c...
compiling mbed_mpu_v7m.c...
compiling mbed_mem_trace.cpp...
compiling mbed_mpu_v8m.c...
compiling mbed_pinmap_common.c...
compiling mbed_pinmap_default.cpp...
compiling mbed_os_timer.cpp...
compiling mbed_power_mgmt.c...
compiling mbed_printf_armlink_overrides.c...
compiling mbed_poll.cpp...
compiling mbed_printf_implementation.c...
compiling mbed_printf_wrapper.c...
compiling mbed_rtos_rtx.c...
compiling mbed_rtx_handlers.c...
compiling mbed_rtc_time.cpp...
compiling mbed_sdk_boot.c...
compiling mbed_retarget.cpp...
compiling mbed_semihost_api.c...
compiling mbed_rtx_idle.cpp...
compiling mbed_stats.c...
compiling mbed_shared_queues.cpp...
compiling mbed_trace.c...
compiling mbed_ticker_api.c...
compiling mbed_tz_context.c...
compiling mbed_thread.cpp...
compiling mbed_usb_phy.cpp...
compiling mbed_us_ticker_api.c...
compiling mbed_wait_api_no_rtos.c...
compiling mbed_trng.cpp...
compiling MCR20Drv.c...
compiling MbedCRC.cpp...
compiling md2.c...
compiling md.c...
compiling md5.c...
compiling md4.c...
compiling MBRBlockDevice.cpp...
compiling memory_buffer_alloc.c...
compiling mesh.c...
compiling mesh_system.c...
compiling MessageBuilder.cpp...
compiling MessageParser.cpp...
compiling MeshInterfaceNanostack.cpp...
compiling mld.c...
compiling mle.c...
compiling Mime.cpp...
compiling mle_service.c...
compiling mle_service_buffer.c...
compiling mle_service_frame_counter_table.c...
compiling mle_service_interface.c...
compiling mle_service_security.c...
compiling mle_tlv.c...
compiling mppe.c...
compiling mpl.c...
compiling multicast_api.c...
compiling multilink.c...
compiling Mutex.cpp...
compiling mstd_mutex.cpp...
compiling Nanostack.cpp...
compiling NanostackEMACInterface.cpp...
compiling NanostackEthernetInterface.cpp...
compiling NanostackMemoryManager.cpp...
compiling NanostackPPPInterface.cpp...
compiling NanostackRfPhyAT86RF215.cpp...
compiling NanostackRfPhyAtmel.cpp...
compiling nd_proxy.c...
compiling NanostackRfPhyMcr20a.cpp...
compiling nd_tasklet.c...
compiling NanostackRfPhys2lp.cpp...
compiling nd_router_object.c...
compiling ndef.c...
compiling neighbor_cache.c...
compiling net_6lowpan_parameter_api.c...
compiling net_ipv6.c...
compiling net_mle.c...
compiling net_load_balance.c...
compiling net_sockets.c...
compiling net_rpl.c...
compiling net_short_address_extension.c...
compiling net_test.c...
compiling network_lib.c...
compiling NetworkInterface.cpp...
compiling NetStackMemoryManager.cpp...
compiling NetworkInterfaceDefaults.cpp...
compiling nfc_transport.c...
compiling nfc_scheduler.c...
compiling NetworkStack.cpp...
compiling NFCControllerDriver.cpp...
compiling NFCController.cpp...
compiling NFCEEPROMDriver.cpp...
compiling NFCEEPROM.cpp...
compiling NFCNDEFCapable.cpp...
compiling NFCRemoteInitiator.cpp...
compiling nist_aes_kw.c...
compiling nist_kw.c...
compiling NFCRemoteEndpoint.cpp...
compiling NFCTarget.cpp...
compiling nrf_assert.c...
compiling nrf_atomic.c...
compiling nrf_atfifo.c...
compiling nrf_drv_usbd.c...
compiling nrf_balloc.c...
compiling nrf_drv_rng.c...
compiling nrf_ecb.c...
compiling nrf_fstorage.c...
compiling nrf_log_backend_flash.c...
compiling nrf_fstorage_nvmc.c...
compiling nrf_log_backend_rtt.c...
compiling nrf_log_backend_serial.c...
compiling nrf_log_backend_uart.c...
compiling nrf_log_default_backends.c...
compiling nrf_log_frontend.c...
compiling nrf_log_str_formatter.c...
compiling nrf_memobj.c...
compiling nrf_nvic.c...
compiling nrf_nvmc.c...
compiling nrf_sdh.c...
compiling nrf_queue.c...
compiling nrf_sdh_ant.c...
compiling nrf_sdh_ble.c...
compiling nrf_sdh_soc.c...
compiling nrf_section_iter.c...
compiling nrf_soc.c...
compiling nrf_spi_mngr.c...
compiling nrf_twi_mngr.c...
compiling nrf_strerror.c...
compiling NRFCordioHCITransportDriver.cpp...
compiling nrfx_adc.c...
compiling nrfx_clock.c...
compiling nrfx_comp.c...
compiling nrfx_i2s.c...
compiling nrfx_gpiote.c...
compiling nrfx_lpcomp.c...
compiling NRFCordioHCIDriver.cpp...
compiling nrfx_pdm.c...
compiling nrfx_power.c...
compiling nrfx_power_clock.c...
compiling nrfx_ppi.c...
compiling nrfx_prs.c...
compiling nrfx_pwm.c...
compiling nrfx_qdec.c...
compiling nrfx_qspi.c...
compiling nrfx_rtc.c...
compiling nrfx_rng.c...
compiling nrfx_saadc.c...
compiling nrfx_spim.c...
compiling nrfx_spi.c...
compiling nrfx_spis.c...
compiling nrfx_swi.c...
compiling nrfx_timer.c...
compiling nrfx_systick.c...
compiling nrfx_twim.c...
compiling nrfx_twi.c...
compiling nrfx_twis.c...
compiling nrfx_uart.c...
compiling nrfx_wdt.c...
compiling nrfx_uarte.c...
compiling ns_conf.c...
compiling ns_address_internal.c...
compiling ns_crc.c...
compiling ns_cmdline.c...
compiling ns_event_loop.c...
compiling ns_event_loop_mutex.c...
compiling ns_file_system.c...
compiling ns_fnet_events.c...
compiling ns_file_system_api.cpp...
compiling ns_hal_init.c...
compiling ns_event_loop_mbed.cpp...
compiling ns_fnet_port.c...
compiling ns_list.c...
compiling ns_mdns_api.c...
compiling ns_monitor.c...
compiling ns_sha256.c...
compiling ns_nvm_helper.c...
compiling ns_timeout.c...
compiling ns_net.c...
compiling ns_timer.c...
compiling ns_socket.c...
compiling nsdynmemLIB.c...
compiling nvm_ram.c...
compiling object_owners.c...
compiling nwk_nvm.c...
compiling oid.c...
compiling nsapi_dns.cpp...
compiling ObservingBlockDevice.cpp...
compiling os_systick.c...
compiling os_tick_ptim.c...
compiling padlock.c...
compiling OperationListBase.cpp...
compiling pal_bb_ble_rf.c...
compiling pal_bb.c...
compiling pal_bb_ble.c...
compiling pal_cfg.c...
compiling pal_crypto.c...
compiling pal_timer.c...
compiling pan_blacklist.c...
compiling pana_avp.c...
compiling pana.c...
compiling pana_eap_header.c...
compiling pana_client.c...
compiling pana_header.c...
compiling pana_relay_table.c...
compiling pal_mbed_os_adaptation.cpp...
compiling pem.c...
compiling PeripheralPins.c...
compiling pana_server.c...
compiling PeripheralPinsDefault.c...
compiling pinmap_ex.c...
compiling pinmap.c...
compiling pk.c...
compiling pkcs11.c...
compiling pkcs12.c...
compiling pk_wrap.c...
compiling pkcs5.c...
compiling platform.c...
compiling pkparse.c...
compiling pkwrite.c...
compiling platform_util.c...
compiling platform_alt.cpp...
compiling pn512.c...
compiling pn512_cmd.c...
compiling pn512_hw.c...
compiling pn512_irq.c...
compiling pn512_registers.c...
compiling pn512_rf.c...
compiling pn512_poll.c...
compiling pn512_timer.c...
compiling pn512_transceive.c...
compiling PN512TransportDriver.cpp...
compiling PN512Driver.cpp...
compiling poly1305.c...
compiling PN512SPITransportDriver.cpp...
compiling PolledQueue.cpp...
compiling port_api.c...
compiling PortIn.cpp...
compiling PortInOut.cpp...
compiling ppp.c...
compiling ppp_arc4.c...
compiling PortOut.cpp...
compiling ppp_des.c...
compiling ppp_ecp.c...
compiling ppp_md4.c...
compiling ppp_md5.c...
compiling ppp_nsapi.cpp...
compiling ppp_service.cpp...
compiling ppp_sha1.c...
compiling pppapi.c...
compiling pppcrypt.c...
compiling ppp_service_if.cpp...
compiling pppoe.c...
compiling pppol2tp.c...
compiling prand.c...
compiling pppos.cpp...
compiling print.c...
compiling ProfilingBlockDevice.cpp...
compiling protocol_6lowpan.c...
compiling PPPInterface.cpp...
compiling protocol_6lowpan_bootstrap.c...
compiling protocol_6lowpan_interface.c...
compiling protocol_core_sleep.c...
compiling protocol_stats.c...
compiling protocol_core.c...
compiling protocol_ipv6.c...
compiling protocol_timer.c...
compiling pwmout_api.c...
compiling PwmOut.cpp...
compiling QSPI.cpp...
compiling qspi_api.c...
compiling QUECTEL_BC95.cpp...
compiling QUECTEL_BC95_CellularInformation.cpp...
compiling QUECTEL_BC95_CellularContext.cpp...
compiling QUECTEL_BC95_CellularNetwork.cpp...
compiling QUECTEL_BG96.cpp...
compiling QUECTEL_BC95_CellularStack.cpp...
compiling QUECTEL_BG96_CellularContext.cpp...
compiling QUECTEL_BG96_CellularInformation.cpp...
compiling QUECTEL_BG96_CellularNetwork.cpp...
compiling QUECTEL_BG96_CellularStack.cpp...
compiling QUECTEL_BG96_ControlPlane_netif.cpp...
compiling QUECTEL_EC2X.cpp...
compiling QUECTEL_M26_CellularContext.cpp...
compiling QUECTEL_M26.cpp...
compiling QUECTEL_M26_CellularInformation.cpp...
compiling QUECTEL_UG96_CellularContext.cpp...
compiling QUECTEL_UG96.cpp...
compiling QUECTEL_M26_CellularStack.cpp...
compiling randLIB.c...
compiling ReadOnlyBlockDevice.cpp...
compiling ResetReason.cpp...
compiling reloc_vector_table.c...
compiling rf_configuration.c...
compiling rf_driver_storage.c...
compiling RecordParser.cpp...
compiling ripemd160.c...
compiling RM1000_AT.cpp...
compiling RM1000_AT_CellularContext.cpp...
compiling RM1000_AT_CellularNetwork.cpp...
compiling rpl_data.c...
compiling rpl_control.c...
compiling rpl_mrhof.c...
compiling rpl_objective.c...
compiling rpl_downward.c...
compiling rpl_of0.c...
compiling rpl_policy.c...
compiling RM1000_AT_CellularStack.cpp...
compiling rsa_internal.c...
compiling rsa.c...
compiling rpl_upward.c...
compiling rtc_api.c...
compiling RTX_Config.c...
compiling rtx_delay.c...
compiling rtx_evr.c...
compiling rtx_evflags.c...
compiling rtx_lib.c...
compiling rtx_kernel.c...
compiling rtx_memory.c...
compiling rtx_mempool.c...
compiling rtx_msgqueue.c...
compiling rtx_mutex.c...
compiling rtx_semaphore.c...
compiling rtx_system.c...
compiling rtx_timer.c...
compiling rtx_thread.c...
compiling sch_ble.c...
compiling sch_list.c...
compiling sch_main.c...
compiling sch_rm.c...
compiling SARA4_PPP.cpp...
compiling sch_tm.c...
compiling sdk_mapped_flags.c...
compiling SARA4_PPP_CellularNetwork.cpp...
compiling sec_aes.c...
compiling sec_aes_rev.c...
compiling sec_ccm_hci.c...
compiling sec_ecc_debug.c...
compiling sec_cmac_hci.c...
compiling sec_ecc_hci.c...
compiling sec_main.c...
compiling sec_prot_certs.c...
compiling SecureStore.cpp...
compiling sec_prot_lib.c...
compiling sec_prot_keys.c...
compiling security_lib.c...
compiling serial_mac_api.c...
compiling serial_api.c...
compiling Semaphore.cpp...
compiling SerialWireOutput.cpp...
compiling sha1.c...
compiling sha256.c...
compiling SerialBase.cpp...
compiling shalib.c...
compiling sha512.c...
compiling SFDP.cpp...
compiling shared_rng.cpp...
compiling SlicingBlockDevice.cpp...
compiling sleep.c...
compiling smp_act.c...
compiling smp_db.c...
compiling SimpleMessageParser.cpp...
compiling smp_non.c...
compiling smp_main.c...
compiling smp_sc_main.c...
compiling smp_sc_act.c...
compiling smpi_act.c...
compiling smpi_sc_act.c...
compiling smpi_sm.c...
compiling smpi_sc_sm.c...
compiling smpr_sc_sm.c...
compiling smpr_sc_act.c...
compiling smpr_act.c...
compiling smpr_sm.c...
compiling sn_coap_header_check.c...
compiling sn_coap_builder.c...
compiling sn_coap_parser.c...
compiling sn_coap_protocol.c...
compiling sockbuf.c...
compiling socket_api.c...
compiling SocketAddress.cpp...
compiling SocketStats.cpp...
compiling spi_api.c...
compiling ssl_cache.c...
compiling SPI.cpp...
compiling ssl_ciphersuites.c...
compiling SPISlave.cpp...
compiling ssl_cookie.c...
compiling ssl_cli.c...
compiling ssl_ticket.c...
compiling ssl_msg.c...
compiling ssl_srv.c...
assembling startup_nrf52832.S...
compiling stoip4.c...
compiling stoip6.c...
compiling ssl_tls.c...
compiling static_pinmap.cpp...
compiling supp_fwh_sec_prot.c...
compiling supp_eap_tls_sec_prot.c...
compiling supp_gkh_sec_prot.c...
compiling sw_mac.c...
compiling system_nrf52.c...
compiling system_timer.c...
compiling Stream.cpp...
compiling SystemStorage.cpp...
compiling TaskBase.cpp...
compiling SysTimer.cpp...
compiling tcp.c...
compiling TCPSocket.cpp...
compiling TDBStore.cpp...
compiling TELIT_HE910.cpp...
compiling TELIT_ME310.cpp...
compiling TELIT_ME310_CellularContext.cpp...
compiling TELIT_ME310_CellularNetwork.cpp...
compiling TELIT_ME310_CellularStack.cpp...
compiling TELIT_ME910.cpp...
compiling TELIT_ME910_CellularContext.cpp...
compiling terminal.c...
compiling Text.cpp...
compiling TELIT_ME910_CellularNetwork.cpp...
compiling ThisThread.cpp...
compiling thread_bbr_api.c...
compiling thread_beacon.c...
compiling Thread.cpp...
compiling thread_bbr_commercial.c...
compiling thread_border_router_api.c...
compiling thread_ccm.c...
compiling thread_bootstrap.c...
compiling thread_commissioning_if.c...
compiling thread_commissioning_api.c...
compiling thread_dhcpv6_server.c...
compiling thread_diagnostic.c...
compiling thread_common.c...
compiling thread_discovery.c...
compiling thread_host_bootstrap.c...
compiling thread_lowpower_api.c...
compiling thread_joiner_application.c...
compiling thread_leader_service.c...
compiling thread_lowpower_private_api.c...
compiling thread_management_api.c...
compiling thread_management_client.c...
compiling thread_management_if.c...
compiling thread_mdns.c...
compiling thread_meshcop_lib.c...
compiling thread_management_server.c...
compiling thread_mle_message_handler.c...
compiling thread_neighbor_class.c...
compiling thread_net_config_api.c...
compiling thread_nd.c...
compiling thread_network_data_lib.c...
compiling thread_network_synch.c...
compiling thread_resolution_client.c...
compiling thread_network_data_storage.c...
compiling thread_nvm_store.c...
compiling thread_resolution_server.c...
compiling thread_tasklet.c...
compiling thread_routing.c...
compiling threading.c...
compiling thread_router_bootstrap.c...
compiling thread_test_api.c...
compiling Ticker.cpp...
compiling ThreadInterface.cpp...
compiling Timeout.cpp...
compiling timing.c...
compiling tls_ccm_crypt.c...
compiling Timer.cpp...
compiling TimerEvent.cpp...
compiling tls_sec_prot.c...
compiling tls_lib.c...
compiling tls_sec_prot_lib.c...
compiling transceiver.c...
compiling trickle.c...
compiling trng_api.c...
compiling type4_target.c...
compiling TLSSocket.cpp...
compiling TLSSocketWrapper.cpp...
compiling Type4RemoteInitiator.cpp...
compiling UBLOX_AT.cpp...
compiling UBLOX_AT_CellularContext.cpp...
compiling UBLOX_AT_CellularStack.cpp...
compiling UBLOX_AT_CellularNetwork.cpp...
compiling UBLOX_N2XX.cpp...
compiling UBLOX_N2XX_CellularSMS.cpp...
compiling UBLOX_N2XX_CellularNetwork.cpp...
compiling UBLOX_N2XX_CellularContext.cpp...
compiling udp.c...
compiling UBLOX_N2XX_CellularStack.cpp...
compiling uECC.c...
compiling UBLOX_PPP.cpp...
compiling uECC_ll.c...
compiling UDPSocket.cpp...
compiling unity.c...
compiling upap.c...
compiling UnbufferedSerial.cpp...
compiling us_ticker.c...
compiling unity_handler.cpp...
compiling URI.cpp...
compiling USBCDC.cpp...
compiling USBAudio.cpp...
compiling USBCDC_ECM.cpp...
compiling USBHID.cpp...
compiling USBDevice.cpp...
compiling USBKeyboard.cpp...
compiling USBMouse.cpp...
compiling USBMIDI.cpp...
compiling USBMouseKeyboard.cpp...
compiling USBMSD.cpp...
compiling USBSerial.cpp...
compiling utest_case.cpp...
compiling utest_default_handlers.cpp...
compiling utest_greentea_handlers.cpp...
compiling utest_print.cpp...
compiling utest_stack_trace.cpp...
compiling utest_harness.cpp...
compiling utest_shim.cpp...
compiling utest_types.cpp...
compiling utils.c...
compiling version.c...
compiling util.cpp...
compiling version_features.c...
compiling virtual_rf_client.c...
compiling vj.c...
compiling virtual_rf_driver.c...
compiling Watchdog.cpp...
compiling WiFiAccessPoint.cpp...
compiling whiteboard.c...
compiling watchdog_api.c...
compiling wisun_tasklet.c...
compiling ws_bbr_api.c...
compiling WisunBorderRouter.cpp...
compiling WisunInterface.cpp...
compiling ws_bootstrap.c...
compiling ws_cfg_settings.c...
compiling ws_common.c...
compiling ws_eapol_auth_relay.c...
compiling ws_eapol_relay_lib.c...
compiling ws_eapol_pdu.c...
compiling ws_eapol_relay.c...
compiling ws_empty_functions.c...
compiling ws_ie_lib.c...
compiling ws_mpx_header.c...
compiling ws_llc_data_service.c...
compiling ws_management_api.c...
compiling ws_neighbor_class.c...
compiling ws_pae_auth.c...
compiling ws_pae_controller.c...
compiling ws_pae_key_storage.c...
compiling ws_pae_lib.c...
compiling ws_pae_nvm_data.c...
compiling ws_pae_nvm_store.c...
compiling ws_pae_time.c...
compiling ws_pae_supp.c...
compiling ws_pae_timers.c...
compiling ws_stats.c...
compiling wsf_assert.c...
compiling ws_test_api.c...
compiling wsf_buf.c...
compiling wsf_bufio.c...
compiling wsf_cs.c...
compiling wsf_detoken.c...
compiling wsf_heap.c...
compiling wsf_mbed_os_adaptation.c...
compiling wsf_efs.c...
compiling wsf_msg.c...
compiling wsf_queue.c...
compiling wsf_os.c...
compiling wsf_timer.c...
compiling wsf_trace.c...
compiling wstr.c...
compiling x509_create.c...
compiling x509.c...
compiling x509_crl.c...
compiling x509_csr.c...
compiling x509write_crt.c...
compiling x509write_csr.c...
compiling xtea.c...
compiling x509_crt.c...
compiling main.cpp...
linking...
.\BUILD\BLE_Beacon.axf: Warning: L3912W: Option 'legacyalign' is deprecated.
.\BUILD\BLE_Beacon.axf: Warning: L6439W: Multiply defined Global Symbol ble::interface::SecurityManager<ble::generic::GenericSecurityManager<ble::pal::vendor::cordio::CordioSecurityManager, ble::vendor::cordio::SigningEventMonitor>>::EventHandler::~EventHandler__deallocating() defined in .text._ZN3ble9interface15SecurityManagerINS_7generic22GenericSecurityManagerINS_3pal6vendor6cordio21CordioSecurityManagerENS_6vendor6cordio19SigningEventMonitorEEEE12EventHandlerD0Ev(.\build\cordioimplementations.o) rejected in favor of Symbol defined in .text._ZN3ble9interface15SecurityManagerINS_7generic22GenericSecurityManagerINS_3pal6vendor6cordio21CordioSecurityManagerENS_6vendor6cordio19SigningEventMonitorEEEE12EventHandlerD0Ev(.\build\cordioble.o).
.\BUILD\BLE_Beacon.axf: Warning: L6439W: Multiply defined Global Symbol ble::generic::GenericSecurityManager<ble::pal::vendor::cordio::CordioSecurityManager, ble::vendor::cordio::SigningEventMonitor>::GenericSecurityManager__sub_object(ble::pal::SecurityManager<ble::pal::vendor::cordio::CordioSecurityManager<ble::generic::GenericSecurityManager<ble::pal::vendor::cordio::CordioSecurityManager, ble::vendor::cordio::SigningEventMonitor>>, ble::generic::GenericSecurityManager<ble::pal::vendor::cordio::CordioSecurityManager, ble::vendor::cordio::SigningEventMonitor>>&, ble::pal::ConnectionEventMonitor<ble::generic::GenericSecurityManager<ble::pal::vendor::cordio::CordioSecurityManager, ble::vendor::cordio::SigningEventMonitor>>&, ble::vendor::cordio::SigningEventMonitor<ble::generic::GenericSecurityManager<ble::pal::vendor::cordio::CordioSecurityManager, ble::vendor::cordio::SigningEventMonitor>>&) defined in .text._ZN3ble7generic22GenericSecurityManagerINS_3pal6vendor6cordio21CordioSecurityManagerENS_6vendo...
.\BUILD\BLE_Beacon.axf: Warning: L6439W: Multiply defined Global Symbol ble::interface::SecurityManager<ble::generic::GenericSecurityManager<ble::pal::vendor::cordio::CordioSecurityManager, ble::vendor::cordio::SigningEventMonitor>>::EventHandler::EventHandler__sub_object() defined in .text._ZN3ble9interface15SecurityManagerINS_7generic22GenericSecurityManagerINS_3pal6vendor6cordio21CordioSecurityManagerENS_6vendor6cordio19SigningEventMonitorEEEE12EventHandlerC2Ev(.\build\cordioimplementations.o) rejected in favor of Symbol defined in .text._ZN3ble9interface15SecurityManagerINS_7generic22GenericSecurityManagerINS_3pal6vendor6cordio21CordioSecurityManagerENS_6vendor6cordio19SigningEventMonitorEEEE12EventHandlerC2Ev(.\build\cordioble.o).
.\BUILD\BLE_Beacon.axf: Warning: L6439W: Multiply defined Global Symbol ble::pal::vendor::cordio::CordioGattClient<ble::generic::GenericGattClient<ble::pal::vendor::cordio::CordioGattClient, ble::generic::GenericSecurityManager<ble::pal::vendor::cordio::CordioSecurityManager, ble::vendor::cordio::SigningEventMonitor>>>::CordioGattClient__sub_object(ble::pal::vendor::cordio::CordioAttClient&) defined in .text._ZN3ble3pal6vendor6cordio16CordioGattClientINS_7generic17GenericGattClientIS3_NS4_22GenericSecurityManagerINS2_21CordioSecurityManagerENS_6vendor6cordio19SigningEventMonitorEEEEEEC2ERNS2_15CordioAttClientE(.\build\cordioimplementations.o) rejected in favor of Symbol defined in .text._ZN3ble3pal6vendor6cordio16CordioGattClientINS_7generic17GenericGattClientIS3_NS4_22GenericSecurityManagerINS2_21CordioSecurityManagerENS_6vendor6cordio19SigningEventMonitorEEEEEEC2ERNS2_15CordioAttClientE(.\build\cordioble.o).
.\BUILD\BLE_Beacon.axf: Warning: L6439W: Multiply defined Global Symbol ble::interface::SecurityManager<ble::generic::GenericSecurityManager<ble::pal::vendor::cordio::CordioSecurityManager, ble::vendor::cordio::SigningEventMonitor>>::SecurityManager__sub_object() defined in .text._ZN3ble9interface15SecurityManagerINS_7generic22GenericSecurityManagerINS_3pal6vendor6cordio21CordioSecurityManagerENS_6vendor6cordio19SigningEventMonitorEEEEC2Ev(.\build\cordioimplementations.o) rejected in favor of Symbol defined in .text._ZN3ble9interface15SecurityManagerINS_7generic22GenericSecurityManagerINS_3pal6vendor6cordio21CordioSecurityManagerENS_6vendor6cordio19SigningEventMonitorEEEEC2Ev(.\build\cordioble.o).
.\BUILD\BLE_Beacon.axf: Warning: L6439W: Multiply defined Global Symbol ble::interface::Gap<ble::generic::GenericGap<ble::pal::vendor::cordio::Gap, ble::pal::SecurityManager<ble::pal::vendor::cordio::CordioSecurityManager<ble::generic::GenericSecurityManager<ble::pal::vendor::cordio::CordioSecurityManager, ble::vendor::cordio::SigningEventMonitor>>, ble::generic::GenericSecurityManager<ble::pal::vendor::cordio::CordioSecurityManager, ble::vendor::cordio::SigningEventMonitor>>, ble::generic::GenericSecurityManager<ble::pal::vendor::cordio::CordioSecurityManager, ble::vendor::cordio::SigningEventMonitor>>>::EventHandler::~EventHandler__sub_object() defined in .text._ZN3ble9interface3GapINS_7generic10GenericGapINS_3pal6vendor6cordio3GapENS4_15SecurityManagerINS6_21CordioSecurityManagerINS2_22GenericSecurityManagerIS9_NS_6vendor6cordio19SigningEventMonitorEEEEESE_EESE_EEE12EventHandlerD2Ev(.\build\main.o) rejected in favor of Symbol defined in .text._ZN3ble9interface3GapINS_7generic10GenericGapINS_3pal6vend...
.\BUILD\BLE_Beacon.axf: Warning: L6439W: Multiply defined Global Symbol ble::interface::SecurityManager<ble::generic::GenericSecurityManager<ble::pal::vendor::cordio::CordioSecurityManager, ble::vendor::cordio::SigningEventMonitor>>::EventHandler::~EventHandler__sub_object() defined in .text._ZN3ble9interface15SecurityManagerINS_7generic22GenericSecurityManagerINS_3pal6vendor6cordio21CordioSecurityManagerENS_6vendor6cordio19SigningEventMonitorEEEE12EventHandlerD2Ev(.\build\cordioimplementations.o) rejected in favor of Symbol defined in .text._ZN3ble9interface15SecurityManagerINS_7generic22GenericSecurityManagerINS_3pal6vendor6cordio21CordioSecurityManagerENS_6vendor6cordio19SigningEventMonitorEEEE12EventHandlerD2Ev(.\build\cordioble.o).
Program Size: Code=264468 RO-data=12144 RW-data=596 ZI-data=32480  
Finished: 0 information, 8 warning and 0 error messages.
FromELF: creating hex file...
".\BUILD\BLE_Beacon.axf" - 0 Error(s), 8 Warning(s).

<h2>Software Packages used:</h2>

Package Vendor: NordicSemiconductor
                http://developer.nordicsemi.com/nRF5_SDK/pieces/nRF_DeviceFamilyPack/NordicSemiconductor.nRF_DeviceFamilyPack.8.32.1.pack
                NordicSemiconductor.nRF_DeviceFamilyPack.8.32.1
                Nordic Semiconductor nRF ARM devices Device Family Pack with BSD license.

<h2>Collection of Component include folders:</h2>
  C:\Users\myles.murray\AppData\Local\Arm\Packs\NordicSemiconductor\nRF_DeviceFamilyPack\8.32.1\Device\Include

<h2>Collection of Component Files used:</h2>
Build Time Elapsed:  00:06:16
</pre>
</body>
</html>
